<?xml version="1.0" encoding="UTF-8"?>
<testsuites>
  <testsuite name="Chromium_playwright_\src\components\componentSearchResult\componentSearchResult.test.ts" id="0" tests="5" skipped="0" errors="0" failures="0" time="1.7529999999999997">
    <properties>
      <property name="test.fileName" value="src\components\componentSearchResult\componentSearchResult.test.ts"/>
      <property name="browser.name" value="Chromium"/>
      <property name="browser.launcher" value="playwright"/>
    </properties>
    <testcase name="should contain shadow root" time="0" classname="SearchResult Component Spec:" file="src\components\componentSearchResult\componentSearchResult.test.ts"/>
    <testcase name="should be accessible" time="1.15" classname="SearchResult Component Spec:" file="src\components\componentSearchResult\componentSearchResult.test.ts"/>
    <testcase name="should display the food name" time="0.001" classname="SearchResult Component Spec:" file="src\components\componentSearchResult\componentSearchResult.test.ts"/>
    <testcase name="should not show favorite icon active by default" time="0.001" classname="SearchResult Component Spec:" file="src\components\componentSearchResult\componentSearchResult.test.ts"/>
    <testcase name="should show favorite icon active when isFavorite is true" time="0.601" classname="SearchResult Component Spec:" file="src\components\componentSearchResult\componentSearchResult.test.ts"/>
  </testsuite>
  <testsuite name="Firefox_playwright_\src\components\componentSearchResult\componentSearchResult.test.ts" id="0" tests="5" skipped="0" errors="0" failures="0" time="1.6919999999999997">
    <properties>
      <property name="test.fileName" value="src\components\componentSearchResult\componentSearchResult.test.ts"/>
      <property name="browser.name" value="Firefox"/>
      <property name="browser.launcher" value="playwright"/>
    </properties>
    <testcase name="should contain shadow root" time="0.002" classname="SearchResult Component Spec:" file="src\components\componentSearchResult\componentSearchResult.test.ts"/>
    <testcase name="should be accessible" time="1.337" classname="SearchResult Component Spec:" file="src\components\componentSearchResult\componentSearchResult.test.ts"/>
    <testcase name="should display the food name" time="0.001" classname="SearchResult Component Spec:" file="src\components\componentSearchResult\componentSearchResult.test.ts"/>
    <testcase name="should not show favorite icon active by default" time="0.001" classname="SearchResult Component Spec:" file="src\components\componentSearchResult\componentSearchResult.test.ts"/>
    <testcase name="should show favorite icon active when isFavorite is true" time="0.351" classname="SearchResult Component Spec:" file="src\components\componentSearchResult\componentSearchResult.test.ts"/>
  </testsuite>
  <testsuite name="Webkit_playwright_\src\components\componentSearchResult\componentSearchResult.test.ts" id="0" tests="5" skipped="0" errors="0" failures="0" time="1.9809999999999999">
    <properties>
      <property name="test.fileName" value="src\components\componentSearchResult\componentSearchResult.test.ts"/>
      <property name="browser.name" value="Webkit"/>
      <property name="browser.launcher" value="playwright"/>
    </properties>
    <testcase name="should contain shadow root" time="0.001" classname="SearchResult Component Spec:" file="src\components\componentSearchResult\componentSearchResult.test.ts"/>
    <testcase name="should be accessible" time="1.369" classname="SearchResult Component Spec:" file="src\components\componentSearchResult\componentSearchResult.test.ts"/>
    <testcase name="should display the food name" time="0.002" classname="SearchResult Component Spec:" file="src\components\componentSearchResult\componentSearchResult.test.ts"/>
    <testcase name="should not show favorite icon active by default" time="0.001" classname="SearchResult Component Spec:" file="src\components\componentSearchResult\componentSearchResult.test.ts"/>
    <testcase name="should show favorite icon active when isFavorite is true" time="0.608" classname="SearchResult Component Spec:" file="src\components\componentSearchResult\componentSearchResult.test.ts"/>
  </testsuite>
  <testsuite name="Chromium_playwright_\src\components\componentSpinner\componentSpinner.test.ts" id="0" tests="3" skipped="0" errors="0" failures="0" time="1.158">
    <properties>
      <property name="test.fileName" value="src\components\componentSpinner\componentSpinner.test.ts"/>
      <property name="browser.name" value="Chromium"/>
      <property name="browser.launcher" value="playwright"/>
    </properties>
    <testcase name="should contain shadow root" time="0.001" classname="Spinner Component Spec:" file="src\components\componentSpinner\componentSpinner.test.ts"/>
    <testcase name="should be accessible" time="1.157" classname="Spinner Component Spec:" file="src\components\componentSpinner\componentSpinner.test.ts"/>
    <testcase name="should have a spinner class" time="0" classname="Spinner Component Spec:" file="src\components\componentSpinner\componentSpinner.test.ts"/>
  </testsuite>
  <testsuite name="Firefox_playwright_\src\components\componentSpinner\componentSpinner.test.ts" id="0" tests="3" skipped="0" errors="0" failures="0" time="1.343">
    <properties>
      <property name="test.fileName" value="src\components\componentSpinner\componentSpinner.test.ts"/>
      <property name="browser.name" value="Firefox"/>
      <property name="browser.launcher" value="playwright"/>
    </properties>
    <testcase name="should contain shadow root" time="0.001" classname="Spinner Component Spec:" file="src\components\componentSpinner\componentSpinner.test.ts"/>
    <testcase name="should be accessible" time="1.342" classname="Spinner Component Spec:" file="src\components\componentSpinner\componentSpinner.test.ts"/>
    <testcase name="should have a spinner class" time="0" classname="Spinner Component Spec:" file="src\components\componentSpinner\componentSpinner.test.ts"/>
  </testsuite>
  <testsuite name="Webkit_playwright_\src\components\componentSpinner\componentSpinner.test.ts" id="0" tests="3" skipped="0" errors="0" failures="0" time="1.371">
    <properties>
      <property name="test.fileName" value="src\components\componentSpinner\componentSpinner.test.ts"/>
      <property name="browser.name" value="Webkit"/>
      <property name="browser.launcher" value="playwright"/>
    </properties>
    <testcase name="should contain shadow root" time="0.002" classname="Spinner Component Spec:" file="src\components\componentSpinner\componentSpinner.test.ts"/>
    <testcase name="should be accessible" time="1.369" classname="Spinner Component Spec:" file="src\components\componentSpinner\componentSpinner.test.ts"/>
    <testcase name="should have a spinner class" time="0" classname="Spinner Component Spec:" file="src\components\componentSpinner\componentSpinner.test.ts"/>
  </testsuite>
  <testsuite name="Chromium_playwright_\src\components\pageFood\pageFood.test.ts" id="0" tests="8" skipped="1" errors="0" failures="0" time="3.5349999999999997">
    <properties>
      <property name="test.fileName" value="src\components\pageFood\pageFood.test.ts"/>
      <property name="browser.name" value="Chromium"/>
      <property name="browser.launcher" value="playwright"/>
    </properties>
    <testcase name="should contain shadow root" time="0.001" classname="PageFood Component Spec:" file="src\components\pageFood\pageFood.test.ts"/>
    <testcase name="should be accessible" time="1.194" classname="PageFood Component Spec:" file="src\components\pageFood\pageFood.test.ts"/>
    <testcase name="should display product name" time="0.103" classname="PageFood Component Spec:" file="src\components\pageFood\pageFood.test.ts"/>
    <testcase name="should display initial nutrients for 100g" time="0.104" classname="PageFood Component Spec:" file="src\components\pageFood\pageFood.test.ts"/>
    <testcase name="should update nutrients when input changes to 200g" time="0.705" classname="PageFood Component Spec:" file="src\components\pageFood\pageFood.test.ts"/>
    <testcase name="should toggle favorite state when button is clicked" time="1.327" classname="PageFood Component Spec:" file="src\components\pageFood\pageFood.test.ts"/>
    <testcase name="should show error message when no code provided" time="0" classname="PageFood Component Error/Loading Spec:" file="src\components\pageFood\pageFood.test.ts">
      <skipped/>
    </testcase>
    <testcase name="should show error message when product not found" time="0.101" classname="PageFood Component Error/Loading Spec:" file="src\components\pageFood\pageFood.test.ts"/>
  </testsuite>
  <testsuite name="Firefox_playwright_\src\components\pageFood\pageFood.test.ts" id="0" tests="8" skipped="1" errors="0" failures="0" time="3.084">
    <properties>
      <property name="test.fileName" value="src\components\pageFood\pageFood.test.ts"/>
      <property name="browser.name" value="Firefox"/>
      <property name="browser.launcher" value="playwright"/>
    </properties>
    <testcase name="should contain shadow root" time="0.001" classname="PageFood Component Spec:" file="src\components\pageFood\pageFood.test.ts"/>
    <testcase name="should be accessible" time="1.473" classname="PageFood Component Spec:" file="src\components\pageFood\pageFood.test.ts"/>
    <testcase name="should display product name" time="0.104" classname="PageFood Component Spec:" file="src\components\pageFood\pageFood.test.ts"/>
    <testcase name="should display initial nutrients for 100g" time="0.107" classname="PageFood Component Spec:" file="src\components\pageFood\pageFood.test.ts"/>
    <testcase name="should update nutrients when input changes to 200g" time="0.462" classname="PageFood Component Spec:" file="src\components\pageFood\pageFood.test.ts"/>
    <testcase name="should toggle favorite state when button is clicked" time="0.828" classname="PageFood Component Spec:" file="src\components\pageFood\pageFood.test.ts"/>
    <testcase name="should show error message when no code provided" time="0" classname="PageFood Component Error/Loading Spec:" file="src\components\pageFood\pageFood.test.ts">
      <skipped/>
    </testcase>
    <testcase name="should show error message when product not found" time="0.109" classname="PageFood Component Error/Loading Spec:" file="src\components\pageFood\pageFood.test.ts"/>
  </testsuite>
  <testsuite name="Webkit_playwright_\src\components\pageFood\pageFood.test.ts" id="0" tests="8" skipped="1" errors="0" failures="0" time="3.633">
    <properties>
      <property name="test.fileName" value="src\components\pageFood\pageFood.test.ts"/>
      <property name="browser.name" value="Webkit"/>
      <property name="browser.launcher" value="playwright"/>
    </properties>
    <testcase name="should contain shadow root" time="0" classname="PageFood Component Spec:" file="src\components\pageFood\pageFood.test.ts"/>
    <testcase name="should be accessible" time="1.269" classname="PageFood Component Spec:" file="src\components\pageFood\pageFood.test.ts"/>
    <testcase name="should display product name" time="0.109" classname="PageFood Component Spec:" file="src\components\pageFood\pageFood.test.ts"/>
    <testcase name="should display initial nutrients for 100g" time="0.107" classname="PageFood Component Spec:" file="src\components\pageFood\pageFood.test.ts"/>
    <testcase name="should update nutrients when input changes to 200g" time="0.718" classname="PageFood Component Spec:" file="src\components\pageFood\pageFood.test.ts"/>
    <testcase name="should toggle favorite state when button is clicked" time="1.323" classname="PageFood Component Spec:" file="src\components\pageFood\pageFood.test.ts"/>
    <testcase name="should show error message when no code provided" time="0" classname="PageFood Component Error/Loading Spec:" file="src\components\pageFood\pageFood.test.ts">
      <skipped/>
    </testcase>
    <testcase name="should show error message when product not found" time="0.107" classname="PageFood Component Error/Loading Spec:" file="src\components\pageFood\pageFood.test.ts"/>
  </testsuite>
  <testsuite name="Chromium_playwright_\src\components\pageSearch\pageSearch.test.ts" id="0" tests="3" skipped="0" errors="0" failures="0" time="1.257">
    <properties>
      <property name="test.fileName" value="src\components\pageSearch\pageSearch.test.ts"/>
      <property name="browser.name" value="Chromium"/>
      <property name="browser.launcher" value="playwright"/>
    </properties>
    <testcase name="should contain shadow root" time="0" classname="SearchPage Component Spec:" file="src\components\pageSearch\pageSearch.test.ts"/>
    <testcase name="should be accessible" time="1.154" classname="SearchPage Component Spec:" file="src\components\pageSearch\pageSearch.test.ts"/>
    <testcase name="should display the product when search is initiated" time="0.103" classname="SearchPage Component Spec:" file="src\components\pageSearch\pageSearch.test.ts"/>
  </testsuite>
  <testsuite name="Firefox_playwright_\src\components\pageSearch\pageSearch.test.ts" id="0" tests="3" skipped="0" errors="0" failures="0" time="1.293">
    <properties>
      <property name="test.fileName" value="src\components\pageSearch\pageSearch.test.ts"/>
      <property name="browser.name" value="Firefox"/>
      <property name="browser.launcher" value="playwright"/>
    </properties>
    <testcase name="should contain shadow root" time="0" classname="SearchPage Component Spec:" file="src\components\pageSearch\pageSearch.test.ts"/>
    <testcase name="should be accessible" time="1.192" classname="SearchPage Component Spec:" file="src\components\pageSearch\pageSearch.test.ts"/>
    <testcase name="should display the product when search is initiated" time="0.101" classname="SearchPage Component Spec:" file="src\components\pageSearch\pageSearch.test.ts"/>
  </testsuite>
  <testsuite name="Webkit_playwright_\src\components\pageSearch\pageSearch.test.ts" id="0" tests="3" skipped="0" errors="0" failures="0" time="1.492">
    <properties>
      <property name="test.fileName" value="src\components\pageSearch\pageSearch.test.ts"/>
      <property name="browser.name" value="Webkit"/>
      <property name="browser.launcher" value="playwright"/>
    </properties>
    <testcase name="should contain shadow root" time="0" classname="SearchPage Component Spec:" file="src\components\pageSearch\pageSearch.test.ts"/>
    <testcase name="should be accessible" time="1.382" classname="SearchPage Component Spec:" file="src\components\pageSearch\pageSearch.test.ts"/>
    <testcase name="should display the product when search is initiated" time="0.11" classname="SearchPage Component Spec:" file="src\components\pageSearch\pageSearch.test.ts"/>
  </testsuite>
</testsuites>